[debug] [2026-05-20T21:06:00.375Z] ----------------------------------------------------------------------
[debug] [2026-05-20T21:06:00.378Z] Command:       C:\Program Files\nodejs\node.exe C:\Users\Lenovo\AppData\Roaming\npm\node_modules\firebase-tools\lib\bin\firebase.js init
[debug] [2026-05-20T21:06:00.378Z] CLI Version:   15.18.0
[debug] [2026-05-20T21:06:00.378Z] Platform:      win32
[debug] [2026-05-20T21:06:00.379Z] Node Version:  v24.15.0
[debug] [2026-05-20T21:06:00.379Z] Time:          Wed May 20 2026 16:06:00 GMT-0500 (hora estándar de Perú)
[debug] [2026-05-20T21:06:00.379Z] ----------------------------------------------------------------------
[debug] 
[debug] [2026-05-20T21:06:00.381Z] >>> [apiv2][query] GET https://firebase-public.firebaseio.com/cli.json [none]
[info] 
     ######## #### ########  ######## ########     ###     ######  ########
     ##        ##  ##     ## ##       ##     ##  ##   ##  ##       ##
     ######    ##  ########  ######   ########  #########  ######  ######
     ##        ##  ##    ##  ##       ##     ## ##     ##       ## ##
     ##       #### ##     ## ######## ########  ##     ##  ######  ########

You're about to initialize a Firebase project in this directory:

  C:\Users\Lenovo\Desktop\AppEquipos

[debug] [2026-05-20T21:06:02.064Z] <<< [apiv2][status] GET https://firebase-public.firebaseio.com/cli.json 200
[debug] [2026-05-20T21:06:02.064Z] <<< [apiv2][body] GET https://firebase-public.firebaseio.com/cli.json {"cloudBuildErrorAfter":1594252800000,"cloudBuildWarnAfter":1590019200000,"defaultNode10After":1594252800000,"minVersion":"3.0.5","node8DeploysDisabledAfter":1613390400000,"node8RuntimeDisabledAfter":1615809600000,"node8WarnAfter":1600128000000}
[info] 
=== Project Setup
[info] 
[info] First, let's associate this project directory with a Firebase project.
[info] You can create multiple project aliases by running firebase use --add, 
[info] 
[debug] [2026-05-20T21:15:30.165Z] > command requires scopes: ["email","openid","https://www.googleapis.com/auth/cloudplatformprojects.readonly","https://www.googleapis.com/auth/firebase","https://www.googleapis.com/auth/cloud-platform"]
[debug] [2026-05-20T21:15:30.165Z] > authorizing via signed-in user (logistica@icocert.pe)
[debug] [2026-05-20T21:15:30.167Z] Checked if tokens are valid: false, expires at: 1778703120379
[debug] [2026-05-20T21:15:30.167Z] Checked if tokens are valid: false, expires at: 1778703120379
[debug] [2026-05-20T21:15:30.167Z] > refreshing access token with scopes: []
[debug] [2026-05-20T21:15:30.169Z] >>> [apiv2][query] POST https://www.googleapis.com/oauth2/v3/token [none]
[debug] [2026-05-20T21:15:30.169Z] >>> [apiv2][body] POST https://www.googleapis.com/oauth2/v3/token [omitted]
[debug] [2026-05-20T21:15:30.357Z] <<< [apiv2][status] POST https://www.googleapis.com/oauth2/v3/token 200
[debug] [2026-05-20T21:15:30.357Z] <<< [apiv2][body] POST https://www.googleapis.com/oauth2/v3/token [omitted]
[debug] [2026-05-20T21:15:30.366Z] >>> [apiv2][query] GET https://firebase.googleapis.com/v1beta1/projects pageSize=100
[debug] [2026-05-20T21:15:31.084Z] <<< [apiv2][status] GET https://firebase.googleapis.com/v1beta1/projects 200
[debug] [2026-05-20T21:15:31.084Z] <<< [apiv2][body] GET https://firebase.googleapis.com/v1beta1/projects [omitted]
[info] 
=== Hosting Setup
[debug] [2026-05-20T21:16:01.246Z] Checked if tokens are valid: true, expires at: 1779315329357
[debug] [2026-05-20T21:16:01.246Z] Checked if tokens are valid: true, expires at: 1779315329357
[debug] [2026-05-20T21:16:01.247Z] >>> [apiv2][query] GET https://firebase.googleapis.com/v1beta1/projects/control-de-equipamiento [none]
[debug] [2026-05-20T21:16:01.678Z] <<< [apiv2][status] GET https://firebase.googleapis.com/v1beta1/projects/control-de-equipamiento 200
[debug] [2026-05-20T21:16:01.679Z] <<< [apiv2][body] GET https://firebase.googleapis.com/v1beta1/projects/control-de-equipamiento {"projectId":"control-de-equipamiento","projectNumber":"990980972090","displayName":"CONTROL DE EQUIPAMIENTO","name":"projects/control-de-equipamiento","resources":{"hostingSite":"control-de-equipamiento"},"state":"ACTIVE","etag":"1_ac949208-8560-4766-94d6-21876a22b154"}
[info] 
[info] Your public directory is the folder (relative to your project directory) that
[info] will contain Hosting assets to be uploaded with firebase deploy. If you
[info] have a build process for your assets, use your build's output directory.
[info] 
[info] 
[info] i  Didn't detect a .git folder. Assuming C:\Users\Lenovo\Desktop\AppEquipos is the project root. 
[info] i  Authorizing with GitHub to upload your service account to a GitHub repository's secrets store. 
[info] 
[info] Visit this URL on this device to log in:
[info] https://github.com/login/oauth/authorize?client_id=89cf50f02ac6aaed3484&state=86476188&redirect_uri=http%3A%2F%2Flocalhost%3A9005&scope=read%3Auser%20repo%20public_repo
[info] 
[info] Waiting for authentication...
[debug] [2026-05-20T21:30:32.624Z] ----------------------------------------------------------------------
[debug] [2026-05-20T21:30:32.628Z] Command:       C:\Program Files\nodejs\node.exe C:\Users\Lenovo\AppData\Roaming\npm\node_modules\firebase-tools\lib\bin\firebase.js init
[debug] [2026-05-20T21:30:32.628Z] CLI Version:   15.18.0
[debug] [2026-05-20T21:30:32.629Z] Platform:      win32
[debug] [2026-05-20T21:30:32.629Z] Node Version:  v24.15.0
[debug] [2026-05-20T21:30:32.629Z] Time:          Wed May 20 2026 16:30:32 GMT-0500 (hora estándar de Perú)
[debug] [2026-05-20T21:30:32.629Z] ----------------------------------------------------------------------
[debug] 
[info] 
     ######## #### ########  ######## ########     ###     ######  ########
     ##        ##  ##     ## ##       ##     ##  ##   ##  ##       ##
     ######    ##  ########  ######   ########  #########  ######  ######
     ##        ##  ##    ##  ##       ##     ## ##     ##       ## ##
     ##       #### ##     ## ######## ########  ##     ##  ######  ########

You're about to initialize a Firebase project in this directory:

  C:\Users\Lenovo\Desktop\AppEquipos

[info] 
=== Project Setup
[info] 
[info] First, let's associate this project directory with a Firebase project.
[info] You can create multiple project aliases by running firebase use --add, 
[info] 
[debug] [2026-05-20T21:30:57.610Z] > command requires scopes: ["email","openid","https://www.googleapis.com/auth/cloudplatformprojects.readonly","https://www.googleapis.com/auth/firebase","https://www.googleapis.com/auth/cloud-platform"]
[debug] [2026-05-20T21:30:57.610Z] > authorizing via signed-in user (logistica@icocert.pe)
[debug] [2026-05-20T21:30:57.611Z] Checked if tokens are valid: true, expires at: 1779315329357
[debug] [2026-05-20T21:30:57.612Z] Checked if tokens are valid: true, expires at: 1779315329357
[debug] [2026-05-20T21:30:57.613Z] >>> [apiv2][query] GET https://firebase.googleapis.com/v1beta1/projects/control-de-equipamiento [none]
[debug] [2026-05-20T21:30:58.084Z] <<< [apiv2][status] GET https://firebase.googleapis.com/v1beta1/projects/control-de-equipamiento 200
[debug] [2026-05-20T21:30:58.084Z] <<< [apiv2][body] GET https://firebase.googleapis.com/v1beta1/projects/control-de-equipamiento {"projectId":"control-de-equipamiento","projectNumber":"990980972090","displayName":"CONTROL DE EQUIPAMIENTO","name":"projects/control-de-equipamiento","resources":{"hostingSite":"control-de-equipamiento"},"state":"ACTIVE","etag":"1_ac949208-8560-4766-94d6-21876a22b154"}
[info] i  Using project control-de-equipamiento (CONTROL DE EQUIPAMIENTO) . 
[info] 
=== Hosting Setup
[debug] [2026-05-20T21:30:58.096Z] Checked if tokens are valid: true, expires at: 1779315329357
[debug] [2026-05-20T21:30:58.096Z] Checked if tokens are valid: true, expires at: 1779315329357
[debug] [2026-05-20T21:30:58.096Z] >>> [apiv2][query] GET https://firebase.googleapis.com/v1beta1/projects/control-de-equipamiento [none]
[debug] [2026-05-20T21:30:58.461Z] <<< [apiv2][status] GET https://firebase.googleapis.com/v1beta1/projects/control-de-equipamiento 200
[debug] [2026-05-20T21:30:58.462Z] <<< [apiv2][body] GET https://firebase.googleapis.com/v1beta1/projects/control-de-equipamiento {"projectId":"control-de-equipamiento","projectNumber":"990980972090","displayName":"CONTROL DE EQUIPAMIENTO","name":"projects/control-de-equipamiento","resources":{"hostingSite":"control-de-equipamiento"},"state":"ACTIVE","etag":"1_ac949208-8560-4766-94d6-21876a22b154"}
[info] 
[info] Your public directory is the folder (relative to your project directory) that
[info] will contain Hosting assets to be uploaded with firebase deploy. If you
[info] have a build process for your assets, use your build's output directory.
[info] 
